
> representantes@0.1.0 build
> next build

Ôû▓ Next.js 16.2.0 (Turbopack)
- Environments: .env.local

npm : ÔÜá The "middleware" file convention 
is deprecated. Please use "proxy" instead. 
Learn more: https://nextjs.org/docs/message
s/middleware-to-proxy
No linha:1 caractere:1
+ npm run build > build_output.txt 2>&1
+ ~~~~~~~~~~~~~~~~~~~~~~~~~~~~~~~~~~~~~
    + CategoryInfo          : NotSpecified 
   : (ÔÜá The "middle...leware-to-proxy:S  
  tring) [], RemoteException
    + FullyQualifiedErrorId : NativeComman 
   dError
 
  Creating an optimized production build ...

> Build error occurred
Error: Turbopack build failed with 1 
errors:
./src/app/dashboard/inteligencia/page.tsx:4
:28
`ssr: false` is not allowed with 
`next/dynamic` in Server Components. 
Please move it into a Client Component.
  [90m 2 |[0m [36mimport[0m styles 
[36mfrom[0m 
[32m'./inteligencia.module.css'[0m;
  [90m 3 |[0m
[31m[1m>[0m [90m 4 |[0m 
[36mconst[0m [33mInteligenciaClient[0m 
= dynamic(() => [36mimport[0m([32m'./Int
eligenciaClient'[0m), {
  [90m   |[0m                            
[31m[1m^^^^^^^^^^^^^^^^^^^^^^^^^^^^^^^^^^
^^^^^^^^^^^^[0m
[31m[1m>[0m [90m 5 |[0m   ssr: 
[36mfalse[0m,
  [90m   |[0m [31m[1m^^^^^^^^^^^^^[0m
[31m[1m>[0m [90m 6 |[0m   loading: () 
=> (
  [90m   |[0m 
[31m[1m^^^^^^^^^^^^^^^^^^[0m
[31m[1m>[0m [90m 7 |[0m     <div 
className={styles.page}>
  [90m   |[0m [31m[1m^^^^^^^^^^^^^^^^^^
^^^^^^^^^^^^^^^[0m
[31m[1m>[0m [90m 8 |[0m       <div 
className={styles.intro}>
  [90m   |[0m [31m[1m^^^^^^^^^^^^^^^^^^
^^^^^^^^^^^^^^^^^^[0m
[31m[1m>[0m [90m 9 |[0m         <p 
className={styles.introText}>
  [90m   |[0m [31m[1m^^^^^^^^^^^^^^^^^^
^^^^^^^^^^^^^^^^^^^^^^[0m
[31m[1m>[0m [90m10 |[0m           
[33mAcompanhe[0m os indicadores de 
mercado, pipeline e desempenho de vendas 
em tempo real.
  [90m   |[0m [31m[1m^^^^^^^^^^^^^^^^^^
^^^^^^^^^^^^^^^^^^^^^^^^^^^^^^^^^^^^^^^^^^^
^^^^^^^^^^^^^^^^^^^^^^^^^^^^^^^^[0m
[31m[1m>[0m [90m11 |[0m         </p>
  [90m   |[0m [31m[1m^^^^^^^^^^^^[0m
[31m[1m>[0m [90m12 |[0m       </div>
  [90m   |[0m [31m[1m^^^^^^^^^^^^[0m
[31m[1m>[0m [90m13 |[0m       <div 
className={styles.embedWrapper}>
  [90m   |[0m [31m[1m^^^^^^^^^^^^^^^^^^
^^^^^^^^^^^^^^^^^^^^^^^^^[0m
[31m[1m>[0m [90m14 |[0m         <div 
className={styles.state} 
role=[32m"status"[0m 
aria-live=[32m"polite"[0m>
  [90m   |[0m [31m[1m^^^^^^^^^^^^^^^^^^
^^^^^^^^^^^^^^^^^^^^^^^^^^^^^^^^^^^^^^^^^^^
^^^^^^^^^^[0m
[31m[1m>[0m [90m15 |[0m           
<div className={styles.skeleton} 
aria-hidden=[32m"true"[0m>
  [90m   |[0m [31m[1m^^^^^^^^^^^^^^^^^^
^^^^^^^^^^^^^^^^^^^^^^^^^^^^^^^^^^^^^^^^^^^
^[0m
[31m[1m>[0m [90m16 |[0m             
<div className={styles.skeletonBar} 
style={{ width: [32m'60%'[0m, height: 
[32m'20px'[0m }} />
  [90m   |[0m [31m[1m^^^^^^^^^^^^^^^^^^
^^^^^^^^^^^^^^^^^^^^^^^^^^^^^^^^^^^^^^^^^^^
^^^^^^^^^^^^^^^^^^^^^^^^^^^^^^[0m
[31m[1m>[0m [90m17 |[0m             
<div className={styles.skeletonBar} 
style={{ width: [32m'100%'[0m, height: 
[32m'300px'[0m }} />
  [90m   |[0m [31m[1m^^^^^^^^^^^^^^^^^^
^^^^^^^^^^^^^^^^^^^^^^^^^^^^^^^^^^^^^^^^^^^
^^^^^^^^^^^^^^^^^^^^^^^^^^^^^^^^[0m
[31m[1m>[0m [90m18 |[0m             
<div className={styles.skeletonBar} 
style={{ width: [32m'80%'[0m, height: 
[32m'20px'[0m }} />
  [90m   |[0m [31m[1m^^^^^^^^^^^^^^^^^^
^^^^^^^^^^^^^^^^^^^^^^^^^^^^^^^^^^^^^^^^^^^
^^^^^^^^^^^^^^^^^^^^^^^^^^^^^^[0m
[31m[1m>[0m [90m19 |[0m           
</div>
  [90m   |[0m 
[31m[1m^^^^^^^^^^^^^^^^[0m
[31m[1m>[0m [90m20 |[0m           <p c
lassName={styles.stateText}>[33mPreparando
[0m ambiente visualÔÇª</p>
  [90m   |[0m [31m[1m^^^^^^^^^^^^^^^^^^
^^^^^^^^^^^^^^^^^^^^^^^^^^^^^^^^^^^^^^^^^^^
^^^^^^^^^^^^[0m
[31m[1m>[0m [90m21 |[0m         </div>
  [90m   |[0m [31m[1m^^^^^^^^^^^^^^[0m
[31m[1m>[0m [90m22 |[0m       </div>
  [90m   |[0m [31m[1m^^^^^^^^^^^^[0m
[31m[1m>[0m [90m23 |[0m     </div>
  [90m   |[0m [31m[1m^^^^^^^^^^[0m
[31m[1m>[0m [90m24 |[0m   )
  [90m   |[0m [31m[1m^^^[0m
[31m[1m>[0m [90m25 |[0m });
  [90m   |[0m [31m[1m^^[0m
  [90m26 |[0m
  [90m27 |[0m [36mexport[0m 
[36mdefault[0m [36mfunction[0m 
[33mInteligenciaPage[0m() {
  [90m28 |[0m   [36mreturn[0m 
<[33mInteligenciaClient[0m />;

Ecmascript file had an error


    at <unknown> (./src/app/dashboard/intel
igencia/page.tsx:4:28)
